SELECT col1, col2, col3
FROM Table1 AS T1, Table2 AS T2
WHERE date BETWEEN '20190101' AND '20190131';
